UPDATED WITH CORRECT ADDRESSING 

DO LAST
no ip domain-lookup
service password-encryption
enable secret class
banner motd #
Unauthorized access is strictly prohibited. #
line con 0
password cisco
login
logging synchronous
line vty 0 15
password cisco
logging synchronous
login
exit

VLAN CREATION - every switch

vlan 10
name Users
vlan 20
name Finance
vlan 30
name Sales
vlan 40
name Corp
vlan 99
name Management

Dist_Switch_1
int range fa0/1-24, g0/1-2
shut
int vlan 99
ip address 192.168.8.2  255.255.255.240
ip default-gateway 172.168.8.0
int range fa0/1-5, fa0/7-9, G0/1
no shut
int G0/1
description Connection to Head Office Router 1
switchport mode trunk
speed 1000
duplex full ** wont work
switchport trunk allowed vlan 10,20,30,40,99
no shut
exit
int fa0/1
description Connection to Acc_Switch_1
switchport mode trunk
speed auto
duplex auto
switchport trunk allowed vlan 10,20,30,40,99
exit
int fa0/5
description Connection to Dist_Switch_2
switchport mode trunk
speed auto
duplex auto
switchport trunk allowed vlan 10,20,30,40,99
exit
int fa0/9
description Connection  Dist_Switch_2
switchport mode trunk
speed auto
duplex auto
switchport trunk allowed vlan 10,20,30,40,99
exit
int range fa0/1-fa0/2
description Connection to Acc_Switch_2
switchport mode trunk
speed auto
duplex auto
switchport trunk allowed vlan 10,20,30,40,99
spanning-tree vlan 10,20 root primary
spanning-tree vlan 30,40 root secondary
spanning-tree mode rapid-pvst
channel-group 1 mode desirable
interface port-channel 1
switchport mode trunk
switchport trunk allowed vlan 10,20,30,40,99
int range fa0/7-8
description to Acc_Switch_3
switchport mode trunk
switchport trunk allowed vlan 10,20,30,40,99
channel-group 2 mode active
int range fa0/3-4
description to Acc_Switch_2
switchport mode trunk
speed auto
duplex auto
switchport trunk allowed vlan 10,20,30,40,99
no shut
end
wr


dist_2_switch

int range fa0/1-24, g0/1-2
shut
int vlan 99
ip address 192.168.8.3  255.255.255.240
ip default-gateway 172.168.8.0
int g0/1
description Connection to Head Office Router 2
switchport mode trunk
speed 1000
duplex full
switchport trunk allowed vlan 10,20,30,40,99
no shut
int range fa07-9
description Connection to Dist_Switch_1
switchport mode trunk
speed auto
duplex auto
switchport trunk allowed vlan 10,20,30,40,99
int range fa0/3-4
description Connection to Acc_Switch_1 
switchport mode trunk
speed auto
duplex auto
switchport trunk allowed vlan 10,20,30,40,90
int range fa0/1-2
description Connection to Acc_Switch_2
switchport mode trunk
speed auto
duplex auto
switchport trunk allowed vlan 10,20,30,40,99
int range fa0/5-6
description Connection to Acc_Switch_3
speed auto
duplex auto
switchport trunk allowed vlan 10,20,30,40,99
int fa0/3
description Connection to Acc_Switch
switchport mode trunk
speed auto
duplex auto
switchport trunk allowed vlan 10,20,30,40,99
spanning-tree vlan 30,40 root primary
spanning-tree vlan 10,20 root secondary
spanning-tree mode rapid-pvst
int range fa0/7, fa0/9
channel-group 1 mode auto
interface port-channel 1
switchport mode trunk
switchport trunk allowed vlan 10,20,30,40,99
end
wr

commands to verify etherchannel:
sh etherchannel summary

spanning tree:
sh spanning-tree summary
sh spanning-tree active

assign pc to each vlan

Acc_Switch_1
int g0/1
switchport mode trunk
switchport access vlan 10
no shut
int g0/2
switchport mode trunk 
switchport access vlan 20
no shut

int vlan 99
ip address 192.168.8.4  255.255.255.240
ip default-gateway 192.168.8.0


int range fa0/1-fa0/2
description Connection to Dist_Switch_1
switchport mode trunk
speed auto
duplex auto
switchport trunk allowed vlan 10,20,30,40,99
exit

int range fa0/3-4
description Connection to Dist_Switch_2
switchport mode trunk
speed auto
duplex auto
switchport trunk allowed vlan 10,20,30,40,99
exit

int g0/1
description Connection to Sale_PC
switchport mode access
switchport access vlan 10
exit
spanning-tree mode rapid-pvst
int fa0/1
spanning-tree bpduguard enable
int range fa0/1-4
switchport mode trunk
channel-group 2 mode passive
no shut
end


int range g0/1-2
spanning-tree bpduguard enable

wr

Acc_Switch_2
int g0/1
switchport mode access 
switchport access vlan 30
no shut

int vlan 99
ip address 192.168.8.5  255.255.255.240
ip default-gateway 172.168.8.0


int range g0/1
spanning-tree bpduguard enable

Acc_Switch_3
int g0/1
switchport mode access 
switchport access vlan 40
no shut

int vlan 99
ip address 192.168.8.6  255.255.255.240
ip default-gateway 192.168.8.0

int range fa0/5-24
spanning-tree portfast


int range g0/1-2
spanning-tree bpduguard enable
vtp mode transparent



dist 2


Switch(config)#int g0/1
Switch(config-if)#switchport mode access
Switch(config-if)#switchport access vlan 10
Switch(config-if)#no shut
%LINEPROTO-5-UPDOWN: Line protocol on Interface Vlan1, changed state to down

Switch(config-if)#iny g0/1
                   ^
% Invalid input detected at '^' marker.

switch 0 172.16.0.70
	
Switch(config-if)#int g0/1
Switch(config-if)#no shut
Switch(config-if)#int vlan 99
Switch(config-if)#
%LINK-5-CHANGED: Interface Vlan99, changed state to up
ip address 172.16.0.70 255.255.255.240
Switch(config-if)#ip default-gateway 172.16.0.65
Switch(config)#


int g0/1
description Connection to PC_Sales
switchport mode access
switchport access vlan 10
exit

Switch(config-if)#int range fa0/7, fa0/9
Switch(config-if-range)#switchport trunk encapsulation dot1q
Switch(config-if-range)#switchport mode trunk
Switch(config-if-range)#exit
Switch(config)#

hostname HO-R2
no ip domain-lookup
service password-encryption
enable secret class
banner motd #
Unauthorized access is strictly prohibited. #
line con 0
password cisco
login
logging synchronous
line vty 0 15
password cisco
logging synchronous
login
username admin password cisco
username admin privilege 15
line vty 0 15
login local
ip domain-name cisco.com
username admin password cisco
crypto key generate rsa
1024
ip ssh version 2
exit


hostname HO-R1
no ip domain-lookup
service password-encryption
enable secret class
banner motd #
Unauthorized access is strictly prohibited. #
line con 0
password cisco
login
logging synchronous
line vty 0 15
password cisco
logging synchronous
login
username admin password cisco
username admin privilege 15
line vty 0 15
login local
ip domain-name cisco.com
username admin password cisco
crypto key generate rsa
1024
ip ssh version 2
exit

int s0/1/0
description Connection to Site 1 Router 1 S
ip address 192.168.0.1  255.255.255.252
clock rate 128000
no shut

int G0/1
description Connection to Head Office Router 2
ip address 192.168.0.2  255.255.255.252
ip ospf priority 200
speed 1000
duplex full
no shut

int G0/0
description Connection to HO-Dist-S1 Switch
standby version 2
speed 1000
duplex full
no shut


int G0/1.10
description Sub interface connection for User vlan PCs
encapsulation dot1Q 10
ip address 192.168.0.4  255.255.254.0
standby 10 ip 192.168.0.5
standby 10 priority 150
standby 10 preempt 

int G0/1.20
description Sub interface connection for Finance PCs
encapsulation dot1Q 20
ip address 192.168.2.4 255.255.254.0
standby 20 ip 192.168.2.5
standby 20 priority 150
standby 20 preempt 

int G0/1.30
description Sub interface connection for Sales PCs
encapsulation dot1Q 30
ip address 192.168.4.4 255.255.254.0
standby 30 ip 192.168.4.5
standby 30 preempt  

int G0/1.40
description Sub interface connection for Sales PCs
encapsulation dot1Q 40
ip address  192.168.6.10 255.255.254.0
standby 40 ip 192.168.6.5
standby 40 preempt  

int G0/1.99
description Sub interface connection for Management 
encapsulation dot1Q 99
ip address  192.168.8.10 255.255.254.0
standby 40 ip 192.168.8.11
standby 40 preempt  

int g0/1
ip add 192.168.0.1 
router ospf 1
router-id 1.1.1.1
network 172.16.0.80 0.0.0.3 area 0
network 172.16.0.0 0.0.0.15 area 0
network 172.16.0.16 0.0.0.15 area 0
network 172.16.0.32 0.0.0.15 area 0
network 172.16.0.48 0.0.0.15 area 0
network 172.16.0.64 0.0.0.15 area 0
network 172.16.0.84 0.0.0.3 area 0

passive-interface G0/1


no ip domain-lookup
service password-encryption
enable secret class
banner motd #
Unauthorized access is strictly prohibited. #
line con 0
password cisco
login
logging synchronous
line vty 0 15
password cisco
logging synchronous
login
username admin password cisco
username admin privilege 15
line vty 0 15
login local
ip domain-name cisco.com
username admin password cisco
crypto key generate rsa
1024
ip ssh version 2
exit

int s0/1/0
description Connection to Site 2 Router 1 
ip address 192.168.0.2  255.255.255.252
clock rate 128000
no shut

int G0/1
description Connection to Head Office Router 1
ip address 192.168.2.2  255.255.255.252
ip ospf priority 200
speed 1000
duplex full
no shut

int G0/0
description Connection to HO-Dist-S2 Switch
standby version 2
speed 1000
duplex full
no shut


int G0/1.10
description Sub interface connection for User vlan PCs
encapsulation dot1Q 10
ip address 192.168.0.5  255.255.254.0
standby 10 ip 192.168.0.6
standby 10 priority 150
standby 10 preempt 

int G0/1.20
description Sub interface connection for Finance PCs
encapsulation dot1Q 20
ip address 192.168.2.5 255.255.254.0
standby 20 ip 192.168.2.6
standby 20 priority 150
standby 20 preempt 

int G0/1.30
description Sub interface connection for Sales PCs
encapsulation dot1Q 30
ip address 192.168.4.5 255.255.254.0
standby 30 ip 192.168.4.6
standby 30 preempt
 

int G0/1.40
description Sub interface connection for Sales PCs
encapsulation dot1Q 40
ip address  192.168.6.11 255.255.254.0
standby 40 ip 192.168.6.6
standby 40 preempt

int G0/1.99
description Sub interface connection for Management 
encapsulation dot1Q 99
ip address  192.168.8.11 255.255.254.0
standby 99 ip 192.168.8.12
standby 99 preempt